2025-11-23 19:32:35.048 [INFO] __main__: 로그 파일이 생성되었습니다: C:\02WorkSpace\Projects\banksalad\logs\log_20251123.log
2025-11-23 19:32:35.683 [INFO] __main__: 엑셀 파일 'file/2024-11-12~2025-11-12.xlsx'을 성공적으로 불러왔습니다.
2025-11-23 19:32:35.683 [INFO] __main__: 불러온 데이터 미리보기
2025-11-23 19:32:35.691 [INFO] __main__: 
          날짜        시간  타입    대분류  소분류      내용       금액   화폐                 결제수단    메모
0 2025-11-12  20:14:08  지출  문화/여가  미분류    멜론티켓   -90000  KRW  KB able Plus통장-저축예금   NaN
1 2025-11-12  19:06:43  이체   카드대금  미분류  현대카드대금 -1279647  KRW              KB마이핏통장   NaN
2 2025-11-12  18:41:37  이체    미분류  미분류      박천  1264647  KRW              KB마이핏통장   NaN
3 2025-11-12  18:41:37  이체    미분류  미분류  현대카드대금 -1264647  KRW  KB able Plus통장-저축예금   NaN
4 2025-11-12  13:02:00  지출    미분류  미분류     배*호   -25000  KRW             카카오페이 머니  치킨모임
2025-11-23 19:32:35.692 [INFO] __main__: 데이터 크기: 1758 행, 10 열
2025-11-23 19:32:35.692 [INFO] __main__: Parquet 저장 전 데이터 컬럼 정보
2025-11-23 19:32:35.703 [INFO] __main__: 
None
2025-11-23 19:32:35.786 [INFO] __main__: 데이터를 'data/가계부_데이터_저장용.parquet' 파일로 성공적으로 저장했습니다.
2025-11-23 19:32:35.787 [INFO] __main__: 저장된 파일 크기: 0.04 MB
2025-11-23 19:36:15.010 [INFO] __main__: 엑셀 파일 'file/2024-11-12~2025-11-12.xlsx'을 성공적으로 불러왔습니다.
2025-11-23 19:36:15.011 [INFO] __main__: 불러온 데이터 미리보기
2025-11-23 19:36:15.019 [INFO] __main__: 
          날짜        시간  타입    대분류  소분류      내용       금액   화폐                 결제수단    메모
0 2025-11-12  20:14:08  지출  문화/여가  미분류    멜론티켓   -90000  KRW  KB able Plus통장-저축예금   NaN
1 2025-11-12  19:06:43  이체   카드대금  미분류  현대카드대금 -1279647  KRW              KB마이핏통장   NaN
2 2025-11-12  18:41:37  이체    미분류  미분류      박천  1264647  KRW              KB마이핏통장   NaN
3 2025-11-12  18:41:37  이체    미분류  미분류  현대카드대금 -1264647  KRW  KB able Plus통장-저축예금   NaN
4 2025-11-12  13:02:00  지출    미분류  미분류     배*호   -25000  KRW             카카오페이 머니  치킨모임
2025-11-23 19:36:15.020 [INFO] __main__: 데이터 크기: 1758 행, 10 열
2025-11-23 19:36:15.020 [INFO] __main__: Parquet 저장 전 데이터 컬럼 정보
2025-11-23 19:36:26.109 [INFO] __main__: 엑셀 파일 'file/2024-11-12~2025-11-12.xlsx'을 성공적으로 불러왔습니다.
2025-11-23 19:36:26.109 [INFO] __main__: 불러온 데이터 미리보기
2025-11-23 19:36:26.117 [INFO] __main__: 
          날짜        시간  타입    대분류  소분류      내용       금액   화폐                 결제수단    메모
0 2025-11-12  20:14:08  지출  문화/여가  미분류    멜론티켓   -90000  KRW  KB able Plus통장-저축예금   NaN
1 2025-11-12  19:06:43  이체   카드대금  미분류  현대카드대금 -1279647  KRW              KB마이핏통장   NaN
2 2025-11-12  18:41:37  이체    미분류  미분류      박천  1264647  KRW              KB마이핏통장   NaN
3 2025-11-12  18:41:37  이체    미분류  미분류  현대카드대금 -1264647  KRW  KB able Plus통장-저축예금   NaN
4 2025-11-12  13:02:00  지출    미분류  미분류     배*호   -25000  KRW             카카오페이 머니  치킨모임
2025-11-23 19:36:26.118 [INFO] __main__: 데이터 크기: 1758 행, 10 열
2025-11-23 19:36:26.118 [INFO] __main__: Parquet 저장 전 데이터 컬럼 정보
2025-11-23 19:36:26.123 [INFO] __main__: 
<class 'pandas.core.frame.DataFrame'>
RangeIndex: 1758 entries, 0 to 1757
Data columns (total 10 columns):
 #   Column  Non-Null Count  Dtype         
---  ------  --------------  -----         
 0   날짜      1758 non-null   datetime64[ns]
 1   시간      1758 non-null   object        
 2   타입      1758 non-null   object        
 3   대분류     1758 non-null   object        
 4   소분류     1758 non-null   object        
 5   내용      1758 non-null   object        
 6   금액      1758 non-null   int64         
 7   화폐      1758 non-null   object        
 8   결제수단    1758 non-null   object        
 9   메모      133 non-null    object        
dtypes: datetime64[ns](1), int64(1), object(8)
memory usage: 137.5+ KB

2025-11-23 19:36:26.205 [INFO] __main__: 데이터를 'data/가계부_데이터_저장용.parquet' 파일로 성공적으로 저장했습니다.
2025-11-23 19:36:26.207 [INFO] __main__: 저장된 파일 크기: 0.04 MB
2025-11-23 20:10:43.457 [INFO] __main__: 엑셀 파일 'file/2024-11-12~2025-11-12.xlsx'을 성공적으로 불러왔습니다.
2025-11-23 20:10:43.459 [INFO] __main__: 불러온 데이터 미리보기
2025-11-23 20:10:43.471 [INFO] __main__: 
          날짜        시간  타입    대분류  소분류      내용       금액   화폐                 결제수단    메모
0 2025-11-12  20:14:08  지출  문화/여가  미분류    멜론티켓   -90000  KRW  KB able Plus통장-저축예금   NaN
1 2025-11-12  19:06:43  이체   카드대금  미분류  현대카드대금 -1279647  KRW              KB마이핏통장   NaN
2 2025-11-12  18:41:37  이체    미분류  미분류      박천  1264647  KRW              KB마이핏통장   NaN
3 2025-11-12  18:41:37  이체    미분류  미분류  현대카드대금 -1264647  KRW  KB able Plus통장-저축예금   NaN
4 2025-11-12  13:02:00  지출    미분류  미분류     배*호   -25000  KRW             카카오페이 머니  치킨모임
2025-11-23 20:10:43.472 [INFO] __main__: 데이터 크기: 1758 행, 10 열
2025-11-23 20:10:43.472 [INFO] __main__: Parquet 저장 전 데이터 컬럼 정보
2025-11-23 20:10:43.476 [INFO] __main__: 
<class 'pandas.core.frame.DataFrame'>
RangeIndex: 1758 entries, 0 to 1757
Data columns (total 10 columns):
 #   Column  Non-Null Count  Dtype         
---  ------  --------------  -----         
 0   날짜      1758 non-null   datetime64[ns]
 1   시간      1758 non-null   object        
 2   타입      1758 non-null   object        
 3   대분류     1758 non-null   object        
 4   소분류     1758 non-null   object        
 5   내용      1758 non-null   object        
 6   금액      1758 non-null   int64         
 7   화폐      1758 non-null   object        
 8   결제수단    1758 non-null   object        
 9   메모      133 non-null    object        
dtypes: datetime64[ns](1), int64(1), object(8)
memory usage: 137.5+ KB

2025-11-23 20:10:43.572 [INFO] __main__: 데이터를 'data/가계부_데이터_저장용.parquet' 파일로 성공적으로 저장했습니다.
2025-11-23 20:10:43.573 [INFO] __main__: 저장된 파일 크기: 0.04 MB
2025-11-23 20:50:30.377 [INFO] __main__: 엑셀 파일 'file/2024-11-12~2025-11-12.xlsx'을 성공적으로 불러왔습니다.
2025-11-23 20:50:30.385 [INFO] __main__: 데이터 크기: 1758 행, 10 열
2025-11-23 20:51:26.925 [INFO] __main__: 엑셀 파일 'file/2024-11-12~2025-11-12.xlsx'을 성공적으로 불러왔습니다.
2025-11-23 20:51:26.934 [INFO] __main__: 데이터 크기: 1758 행, 10 열
2025-11-23 20:51:27.015 [INFO] __main__: 데이터를 'data/가계부_데이터_저장용.parquet' 파일로 성공적으로 저장했습니다.
2025-11-23 20:51:27.015 [INFO] __main__: 저장된 파일 크기: 0.04 MB
2025-11-23 20:54:24.709 [DEBUG] __main__: 디버그 모드가 활성화되었습니다. 로그 레벨: 10
2025-11-23 20:54:25.154 [INFO] __main__: 엑셀 파일 'file/2024-11-12~2025-11-12.xlsx'을 성공적으로 불러왔습니다.
2025-11-23 20:54:25.154 [DEBUG] __main__: 불러온 데이터 미리보기
2025-11-23 20:54:25.164 [DEBUG] __main__: 
          날짜        시간  타입    대분류  소분류      내용       금액   화폐                 결제수단    메모
0 2025-11-12  20:14:08  지출  문화/여가  미분류    멜론티켓   -90000  KRW  KB able Plus통장-저축예금   NaN
1 2025-11-12  19:06:43  이체   카드대금  미분류  현대카드대금 -1279647  KRW              KB마이핏통장   NaN
2 2025-11-12  18:41:37  이체    미분류  미분류      박천  1264647  KRW              KB마이핏통장   NaN
3 2025-11-12  18:41:37  이체    미분류  미분류  현대카드대금 -1264647  KRW  KB able Plus통장-저축예금   NaN
4 2025-11-12  13:02:00  지출    미분류  미분류     배*호   -25000  KRW             카카오페이 머니  치킨모임
2025-11-23 20:54:25.164 [INFO] __main__: 데이터 크기: 1758 행, 10 열
2025-11-23 20:54:25.164 [DEBUG] __main__: Parquet 저장 전 데이터 컬럼 정보
2025-11-23 20:54:25.170 [DEBUG] __main__: 
<class 'pandas.core.frame.DataFrame'>
RangeIndex: 1758 entries, 0 to 1757
Data columns (total 10 columns):
 #   Column  Non-Null Count  Dtype         
---  ------  --------------  -----         
 0   날짜      1758 non-null   datetime64[ns]
 1   시간      1758 non-null   object        
 2   타입      1758 non-null   object        
 3   대분류     1758 non-null   object        
 4   소분류     1758 non-null   object        
 5   내용      1758 non-null   object        
 6   금액      1758 non-null   int64         
 7   화폐      1758 non-null   object        
 8   결제수단    1758 non-null   object        
 9   메모      133 non-null    object        
dtypes: datetime64[ns](1), int64(1), object(8)
memory usage: 137.5+ KB

2025-11-23 20:54:25.237 [INFO] __main__: 데이터를 'data/가계부_데이터_저장용.parquet' 파일로 성공적으로 저장했습니다.
2025-11-23 20:54:25.238 [INFO] __main__: 저장된 파일 크기: 0.04 MB
2025-11-23 20:55:23.867 [INFO] __main__: 엑셀 파일 'file/2024-11-12~2025-11-12.xlsx'을 성공적으로 불러왔습니다.
2025-11-23 20:55:23.875 [INFO] __main__: 데이터 크기: 1758 행, 10 열
2025-11-23 20:55:23.945 [INFO] __main__: 데이터를 'data/가계부_데이터_저장용.parquet' 파일로 성공적으로 저장했습니다.
2025-11-23 20:55:23.945 [INFO] __main__: 저장된 파일 크기: 0.04 MB
